<?xml version="1.0" encoding="UTF-8"?>
<TestRun id="c21fdbe4-dc76-4162-a785-2ca361f7a194" name="acueto@ANELT 2016-05-08 20:09:15" runUser="ANELT\acueto" xmlns="http://microsoft.com/schemas/VisualStudio/TeamTest/2010">
  <TestSettings name="Local" id="377a336a-604e-405d-b6ba-9d28b37662a5">
    <Description>Esta es la configuración de pruebas predeterminada para una ejecución de pruebas local.</Description>
    <Deployment enabled="false" runDeploymentRoot="acueto_ANELT 2016-05-08 20_09_15">
      <DeploymentItem filename="C:\Acueto_JobLogger\JobLogger.Entities\bin\Debug\JobLogger.Entities.dll" />
      <DeploymentItem filename="C:\Acueto_JobLogger\JobLogger.BusinessLayer\bin\Debug\JobLogger.BusinessLayer.dll" />
    </Deployment>
    <Execution>
      <TestTypeSpecific />
      <AgentRule name="Execution Agents">
      </AgentRule>
    </Execution>
  </TestSettings>
  <Times creation="2016-05-08T20:09:15.9106748-03:00" queuing="2016-05-08T20:09:17.5928895-03:00" start="2016-05-08T20:09:17.7680239-03:00" finish="2016-05-08T20:09:50.9040833-03:00" />
  <ResultSummary outcome="Completed">
    <Counters total="1" executed="1" passed="1" error="0" failed="0" timeout="0" aborted="0" inconclusive="0" passedButRunAborted="0" notRunnable="0" notExecuted="0" disconnected="0" warning="0" completed="0" inProgress="0" pending="0" />
  </ResultSummary>
  <TestDefinitions>
    <UnitTest name="LogMessageToFile_VerifyLog" storage="c:\acueto_joblogger\testprojectjoblogger\bin\debug\testprojectjoblogger.dll" id="555d40a0-5c8c-ecaa-a48f-2a7fc3e8d234">
      <Execution id="6bf0536c-0b43-4d6f-95b6-e139cbb57684" />
      <TestMethod codeBase="C:/Acueto_JobLogger/TestProjectJobLogger/bin/Debug/TestProjectJobLogger.DLL" adapterTypeName="Microsoft.VisualStudio.TestTools.TestTypes.Unit.UnitTestAdapter, Microsoft.VisualStudio.QualityTools.Tips.UnitTest.Adapter, Version=10.0.0.0, Culture=neutral, PublicKeyToken=b03f5f7f11d50a3a" className="TestProjectJobLogger.JobLoggerTest, TestProjectJobLogger, Version=1.0.0.0, Culture=neutral, PublicKeyToken=null" name="LogMessageToFile_VerifyLog" />
    </UnitTest>
  </TestDefinitions>
  <TestLists>
    <TestList name="Resultados que no están en la lista" id="8c84fa94-04c1-424b-9868-57a2d4851a1d" />
    <TestList name="Todos los resultados cargados" id="19431567-8539-422a-85d7-44ee4e166bda" />
  </TestLists>
  <TestEntries>
    <TestEntry testId="555d40a0-5c8c-ecaa-a48f-2a7fc3e8d234" executionId="6bf0536c-0b43-4d6f-95b6-e139cbb57684" testListId="8c84fa94-04c1-424b-9868-57a2d4851a1d" />
  </TestEntries>
  <Results>
    <UnitTestResult executionId="6bf0536c-0b43-4d6f-95b6-e139cbb57684" testId="555d40a0-5c8c-ecaa-a48f-2a7fc3e8d234" testName="LogMessageToFile_VerifyLog" computerName="ANELT" duration="00:00:32.2503822" startTime="2016-05-08T20:09:17.9135887-03:00" endTime="2016-05-08T20:09:50.8110789-03:00" testType="13cdc9d9-ddb5-4fa4-a97d-d965ccfc6d4b" outcome="Passed" testListId="8c84fa94-04c1-424b-9868-57a2d4851a1d" relativeResultsDirectory="6bf0536c-0b43-4d6f-95b6-e139cbb57684">
    </UnitTestResult>
  </Results>
</TestRun>